// Vitest Snapshot v1, https://vitest.dev/guide/snapshot.html

exports[`Markets Command Snapshot > should format markets list consistently 1`] = `
"┌─────────┬─────────┬──────────┐
│ Name    │ Slug    │ Startups │
├─────────┼─────────┼──────────┤
│ SaaS    │ saas    │ 1234     │
├─────────┼─────────┼──────────┤
│ AI      │ ai      │ 567      │
├─────────┼─────────┼──────────┤
│ Fintech │ fintech │ 890      │
└─────────┴─────────┴──────────┘"
`;

exports[`Markets Command Snapshot > should handle empty list 1`] = `
"┌──────┬──────┬──────────┐
│ Name │ Slug │ Startups │
└──────┴──────┴──────────┘"
`;

exports[`Markets Command Snapshot > should handle minimal data 1`] = `
"┌──────────────────┬─────────┬──────────┐
│ Name             │ Slug    │ Startups │
├──────────────────┼─────────┼──────────┤
│ Minimal Category │ minimal │ -        │
└──────────────────┴─────────┴──────────┘"
`;
